192.168.1.1 - - [24/Mar/2026:06:00:00] "GET /index.html HTTP/1.1" 200 532
10.0.0.5 - - [24/Mar/2026:06:05:00] "GET /login?user=' OR '1'='1' HTTP/1.1" 401 234
172.16.0.2 - - [24/Mar/2026:06:10:00] "GET /etc/passwd HTTP/1.1" 404 123